12/17/2410 
steps for using repo rp2350-freeRTOS.git
devel@pi5-80:~/rp2350-freeRTOS/build $ echo $FREERTOS_KERNEL_PATH
/home/devel/pico2/freertos-lib/FreeRTOS-Kernel
	git clone https://github.com/raspberrypi/FreeRTOS-Kernel.git
	cd FreeRTOS-Kernel
	git submodules update --init
	cp 2 files from ~/rp2350-freertos/freertos-lib/* ~/pico2/freertos-lib
	git clone https://github.com/develone/rp2350-freeRTOS.git
	cd ~/rp2350-freeRTOS
	mkdir build
	cmake .. -DPICO_BOARD=pico2 -DPICO_PLATFORM=rp2350 
	make 
	or
	make VERBOSE=1 > make_output.txt 2>&1

devel@pi5-80:~/pico2/freertos-lib/FreeRTOS-Kernel $ git diff 
diff --git a/portable/ThirdParty/GCC/RP2350_ARM_NTZ/non_secure/port.c b/portable/ThirdParty/GCC/RP2350_ARM_NTZ/non_secure/port.c
index 408e62c9b..553b8f526 100644
--- a/portable/ThirdParty/GCC/RP2350_ARM_NTZ/non_secure/port.c
+++ b/portable/ThirdParty/GCC/RP2350_ARM_NTZ/non_secure/port.c
@@ -31,7 +31,7 @@
  * all the API functions to use the MPU wrappers. That should only be done when
  * task.h is included from an application file. */
 #define MPU_WRAPPERS_INCLUDED_FROM_API_FILE
-
+#define portSVC_START_SCHEDULER            102
 /* Scheduler includes. */
 #include "FreeRTOS.h"
 #include "task.h"

[ 88%] Building C object test-read-crc16/CMakeFiles/test-read-crc16.dir/home/devel/pico2/freertos-lib/FreeRTOS-Kernel/portable/ThirdParty/GCC/RP2350_ARM_NTZ/non_secure/port.c.o
cd /home/devel/rp2350-freeRTOS/build/test-read-crc16 && /usr/bin/arm-none-eabi-gcc -DCFG_TUSB_DEBUG=0 -DCFG_TUSB_MCU=OPT_MCU_RP2040 -DCFG_TUSB_OS=OPT_OS_PICO -DFREE_RTOS_KERNEL_SMP=1 -DLFS_NO_DEBUG -DLFS_NO_ERROR -DLFS_NO_WARN -DLIB_BOOT_STAGE2_HEADERS=1 -DLIB_FREERTOS_KERNEL=1 -DLIB_PICO_ATOMIC=1 -DLIB_PICO_BIT_OPS=1 -DLIB_PICO_BIT_OPS_PICO=1 -DLIB_PICO_CLIB_INTERFACE=1 -DLIB_PICO_CRT0=1 -DLIB_PICO_CXX_OPTIONS=1 -DLIB_PICO_DIVIDER=1 -DLIB_PICO_DIVIDER_COMPILER=1 -DLIB_PICO_DOUBLE=1 -DLIB_PICO_DOUBLE_PICO=1 -DLIB_PICO_FIX_RP2040_USB_DEVICE_ENUMERATION=1 -DLIB_PICO_FLASH=1 -DLIB_PICO_FLOAT=1 -DLIB_PICO_FLOAT_PICO=1 -DLIB_PICO_FLOAT_PICO_VFP=1 -DLIB_PICO_INT64_OPS=1 -DLIB_PICO_INT64_OPS_COMPILER=1 -DLIB_PICO_MALLOC=1 -DLIB_PICO_MEM_OPS=1 -DLIB_PICO_MEM_OPS_COMPILER=1 -DLIB_PICO_MULTICORE=1 -DLIB_PICO_NEWLIB_INTERFACE=1 -DLIB_PICO_PLATFORM=1 -DLIB_PICO_PLATFORM_COMPILER=1 -DLIB_PICO_PLATFORM_PANIC=1 -DLIB_PICO_PLATFORM_SECTIONS=1 -DLIB_PICO_PRINTF=1 -DLIB_PICO_PRINTF_PICO=1 -DLIB_PICO_RUNTIME=1 -DLIB_PICO_RUNTIME_INIT=1 -DLIB_PICO_STANDARD_BINARY_INFO=1 -DLIB_PICO_STANDARD_LINK=1 -DLIB_PICO_STDIO=1 -DLIB_PICO_STDIO_UART=1 -DLIB_PICO_STDIO_USB=1 -DLIB_PICO_STDLIB=1 -DLIB_PICO_SYNC=1 -DLIB_PICO_SYNC_CRITICAL_SECTION=1 -DLIB_PICO_SYNC_MUTEX=1 -DLIB_PICO_SYNC_SEM=1 -DLIB_PICO_TIME=1 -DLIB_PICO_TIME_ADAPTER=1 -DLIB_PICO_UNIQUE_ID=1 -DLIB_PICO_UTIL=1 -DPICO_32BIT=1 -DPICO_BOARD=\"pico2\" -DPICO_BUILD=1 -DPICO_CMAKE_BUILD_TYPE=\"Release\" -DPICO_CONFIG_RTOS_ADAPTER_HEADER=/home/devel/pico2/freertos-lib/FreeRTOS-Kernel/portable/ThirdParty/GCC/RP2350_ARM_NTZ/non_secure/freertos_sdk_config.h -DPICO_COPY_TO_RAM=0 -DPICO_CXX_ENABLE_EXCEPTIONS=0 -DPICO_NO_FLASH=0 -DPICO_NO_HARDWARE=0 -DPICO_ON_DEVICE=1 -DPICO_RP2040_USB_DEVICE_UFRAME_FIX=1 -DPICO_RP2350=1 -DPICO_TARGET_NAME=\"test-read-crc16\" -DPICO_USE_BLOCKED_RAM=0 -I/home/devel/pico2/freertos-lib/FreeRTOS-Kernel/include -I/home/devel/pico2/freertos -I/home/devel/rp2350-freeRTOS/test-read-crc16 -I/home/devel/rp2350-freeRTOS/test-read-crc16/FreeRTOS-Kernel/include -I/home/devel/pico2/freertos-lib/FreeRTOS-Kernel/portable/ThirdParty/GCC/RP2040/include -I/home/devel/pico2/freertos-lib/FreeRTOS-Kernel/portable/ThirdParty/GCC/RP2350/non_secure -I/home/devel/pico2/pico-sdk/src/rp2_common/pico_atomic/include -I/home/devel/pico2/pico-sdk/lib/tinyusb/src -I/home/devel/rp2350-freeRTOS/xmodem/xmodem-lib -I/home/devel/pico2/freertos-lib/FreeRTOS-Kernel/portable/ThirdParty/GCC/RP2350_ARM_NTZ/non_secure -I/home/devel/rp2350-freeRTOS/lifting/lifting-lib -I/home/devel/rp2350-freeRTOS/crc_crc16/crc_crc16_lib -I/home/devel/rp2350-freeRTOS/cir-buf/cir-buf-lib -I/home/devel/rp2350-freeRTOS/klt/klt-lib -I/home/devel/rp2350-freeRTOS/littlefs/module -I/home/devel/rp2350-freeRTOS/openjpeg/openjpeg-lib -isystem /home/devel/pico2/pico-sdk/src/common/pico_stdlib_headers/include -isystem /home/devel/pico2/pico-sdk/src/rp2_common/hardware_gpio/include -isystem /home/devel/pico2/pico-sdk/src/common/pico_base_headers/include -isystem /home/devel/rp2350-freeRTOS/build/generated/pico_base -isystem /home/devel/pico2/pico-sdk/src/boards/include -isystem /home/devel/pico2/pico-sdk/src/rp2350/pico_platform/include -isystem /home/devel/pico2/pico-sdk/src/rp2350/hardware_regs/include -isystem /home/devel/pico2/pico-sdk/src/rp2_common/hardware_base/include -isystem /home/devel/pico2/pico-sdk/src/rp2_common/pico_platform_compiler/include -isystem /home/devel/pico2/pico-sdk/src/rp2_common/pico_platform_panic/include -isystem /home/devel/pico2/pico-sdk/src/rp2_common/pico_platform_sections/include -isystem /home/devel/pico2/pico-sdk/src/rp2_common/hardware_dcp/include -isystem /home/devel/pico2/pico-sdk/src/rp2350/hardware_structs/include -isystem /home/devel/pico2/pico-sdk/src/rp2_common/hardware_rcp/include -isystem /home/devel/pico2/pico-sdk/src/common/hardware_claim/include -isystem /home/devel/pico2/pico-sdk/src/rp2_common/hardware_sync/include -isystem /home/devel/pico2/pico-sdk/src/rp2_common/hardware_sync_spin_lock/include -isystem /home/devel/pico2/pico-sdk/src/rp2_common/hardware_irq/include -isystem /home/devel/pico2/pico-sdk/src/rp2_common/hardware_uart/include -isystem /home/devel/pico2/pico-sdk/src/rp2_common/hardware_resets/include -isystem /home/devel/pico2/pico-sdk/src/rp2_common/hardware_clocks/include -isystem /home/devel/pico2/pico-sdk/src/rp2_common/hardware_pll/include -isystem /home/devel/pico2/pico-sdk/src/rp2_common/hardware_vreg/include -isystem /home/devel/pico2/pico-sdk/src/rp2_common/hardware_watchdog/include -isystem /home/devel/pico2/pico-sdk/src/rp2_common/hardware_ticks/include -isystem /home/devel/pico2/pico-sdk/src/rp2_common/pico_bootrom/include -isystem /home/devel/pico2/pico-sdk/src/common/boot_picoboot_headers/include -isystem /home/devel/pico2/pico-sdk/src/rp2_common/boot_bootrom_headers/include -isystem /home/devel/pico2/pico-sdk/src/rp2_common/hardware_boot_lock/include -isystem /home/devel/pico2/pico-sdk/src/rp2_common/pico_flash/include -isystem /home/devel/pico2/pico-sdk/src/common/pico_time/include -isystem /home/devel/pico2/pico-sdk/src/rp2_common/hardware_timer/include -isystem /home/devel/pico2/pico-sdk/src/common/pico_sync/include -isystem /home/devel/pico2/pico-sdk/src/common/pico_util/include -isystem /home/devel/pico2/pico-sdk/src/rp2_common/pico_time_adapter/include -isystem /home/devel/pico2/pico-sdk/src/rp2_common/hardware_xosc/include -isystem /home/devel/pico2/pico-sdk/src/rp2_common/hardware_divider/include -isystem /home/devel/pico2/pico-sdk/src/rp2_common/pico_runtime/include -isystem /home/devel/pico2/pico-sdk/src/rp2_common/pico_runtime_init/include -isystem /home/devel/pico2/pico-sdk/src/common/pico_bit_ops_headers/include -isystem /home/devel/pico2/pico-sdk/src/common/pico_divider_headers/include -isystem /home/devel/pico2/pico-sdk/src/rp2_common/pico_double/include -isystem /home/devel/pico2/pico-sdk/src/rp2_common/pico_float/include -isystem /home/devel/pico2/pico-sdk/src/rp2_common/pico_malloc/include -isystem /home/devel/pico2/pico-sdk/src/common/pico_binary_info/include -isystem /home/devel/pico2/pico-sdk/src/rp2_common/pico_printf/include -isystem /home/devel/pico2/pico-sdk/src/rp2_common/pico_stdio/include -isystem /home/devel/pico2/pico-sdk/src/rp2_common/pico_stdio_uart/include -isystem /home/devel/pico2/pico-sdk/src/rp2_common/pico_stdio_usb/include -isystem /home/devel/pico2/pico-sdk/src/rp2_common/pico_unique_id/include -isystem /home/devel/pico2/pico-sdk/src/rp2_common/hardware_flash/include -isystem /home/devel/pico2/pico-sdk/src/rp2_common/hardware_xip_cache/include -isystem /home/devel/pico2/pico-sdk/src/common/pico_usb_reset_interface_headers/include -isystem /home/devel/pico2/pico-sdk/src/rp2_common/pico_multicore/include -isystem /home/devel/pico2/pico-sdk/src/common/boot_picobin_headers/include -isystem /home/devel/pico2/pico-sdk/src/rp2350/boot_stage2/include -isystem /home/devel/pico2/pico-sdk/src/rp2_common/pico_fix/rp2040_usb_device_enumeration/include -isystem /home/devel/pico2/pico-sdk/src/rp2_common/hardware_exception/include -mcpu=cortex-m33 -mthumb -march=armv8-m.main+fp+dsp -mfloat-abi=softfp -mcmse -g -O3 -DNDEBUG -ffunction-sections -fdata-sections -MD -MT test-read-crc16/CMakeFiles/test-read-crc16.dir/home/devel/pico2/freertos-lib/FreeRTOS-Kernel/portable/ThirdParty/GCC/RP2350_ARM_NTZ/non_secure/port.c.o -MF CMakeFiles/test-read-crc16.dir/home/devel/pico2/freertos-lib/FreeRTOS-Kernel/portable/ThirdParty/GCC/RP2350_ARM_NTZ/non_secure/port.c.o.d -o CMakeFiles/test-read-crc16.dir/home/devel/pico2/freertos-lib/FreeRTOS-Kernel/portable/ThirdParty/GCC/RP2350_ARM_NTZ/non_secure/port.c.o -c /home/devel/pico2/freertos-lib/FreeRTOS-Kernel/portable/ThirdParty/GCC/RP2350_ARM_NTZ/non_secure/port.c
/home/devel/pico2/freertos-lib/FreeRTOS-Kernel/portable/ThirdParty/GCC/RP2350_ARM_NTZ/non_secure/port.c:1610:19: error: conflicting types for 'pxPortInitialiseStack'; have 'StackType_t *(StackType_t *, StackType_t *, void (*)(void *), void *)' {aka 'long unsigned int *(long unsigned int *, long unsigned int *, void (*)(void *), void *)'}
 1610 |     StackType_t * pxPortInitialiseStack( StackType_t * pxTopOfStack,
      |                   ^~~~~~~~~~~~~~~~~~~~~
In file included from /home/devel/pico2/freertos-lib/FreeRTOS-Kernel/include/FreeRTOS.h:101,
                 from /home/devel/pico2/freertos-lib/FreeRTOS-Kernel/portable/ThirdParty/GCC/RP2350_ARM_NTZ/non_secure/port.c:36:
/home/devel/pico2/freertos-lib/FreeRTOS-Kernel/include/portable.h:133:23: note: previous declaration of 'pxPortInitialiseStack' with type 'StackType_t *(StackType_t *, void (*)(void *), void *)' {aka 'long unsigned int *(long unsigned int *, void (*)(void *), void *)'}
  133 |         StackType_t * pxPortInitialiseStack( StackType_t * pxTopOfStack,
      |                       ^~~~~~~~~~~~~~~~~~~~~
make[2]: *** [test-read-crc16/CMakeFiles/test-read-crc16.dir/build.make:1229: test-read-crc16/CMakeFiles/test-read-crc16.dir/home/devel/pico2/freertos-lib/FreeRTOS-Kernel/portable/ThirdParty/GCC/RP2350_ARM_NTZ/non_secure/port.c.o] Error 1
make[2]: Leaving directory '/home/devel/rp2350-freeRTOS/build'
make[1]: *** [CMakeFiles/Makefile2:2310: test-read-crc16/CMakeFiles/test-read-crc16.dir/all] Error 2
make[1]: Leaving directory '/home/devel/rp2350-freeRTOS/build'
make: *** [Makefile:91: all] Error 2

devel@pi5-80:~ $ git clone https://github.com/develone/rp2350-freeRTOS.git
Cloning into 'rp2350-freeRTOS'...
remote: Enumerating objects: 195, done.
remote: Counting objects: 100% (195/195), done.
remote: Compressing objects: 100% (169/169), done.
remote: Total 195 (delta 28), reused 190 (delta 23), pack-reused 0 (from 0)
Receiving objects: 100% (195/195), 1.80 MiB | 6.11 MiB/s, done.
Resolving deltas: 100% (28/28), done.
devel@pi5-80:~ $ cd rp2350-freeRTOS
devel@pi5-80:~/rp2350-freeRTOS $ mkdir build
devel@pi5-80:~/rp2350-freeRTOS $ cd freertos/
devel@pi5-80:~/rp2350-freeRTOS/freertos $ git clone https://github.com/raspberrypi/FreeRTOS-Kernel.git
Cloning into 'FreeRTOS-Kernel'...
remote: Enumerating objects: 163154, done.
remote: Counting objects: 100% (58/58), done.
remote: Compressing objects: 100% (15/15), done.
remote: Total 163154 (delta 51), reused 44 (delta 43), pack-reused 163096 (from 1)
Receiving objects: 100% (163154/163154), 109.75 MiB | 27.93 MiB/s, done.
Resolving deltas: 100% (117057/117057), done.
devel@pi5-80:~/rp2350-freeRTOS/freertos $ cd FreeRTOS-Kernel/
devel@pi5-80:~/rp2350-freeRTOS/freertos/FreeRTOS-Kernel $ git submodule update --init
Submodule 'ThirdParty/FreeRTOS-Kernel-Community-Supported-Ports' (https://github.com/FreeRTOS/FreeRTOS-Kernel-Community-Supported-Ports) registered for path 'portable/ThirdParty/Community-Supported-Ports'
Submodule 'ThirdParty/FreeRTOS-Kernel-Partner-Supported-Ports' (https://github.com/FreeRTOS/FreeRTOS-Kernel-Partner-Supported-Ports) registered for path 'portable/ThirdParty/Partner-Supported-Ports'
Cloning into '/home/devel/rp2350-freeRTOS/freertos/FreeRTOS-Kernel/portable/ThirdParty/Community-Supported-Ports'...
Cloning into '/home/devel/rp2350-freeRTOS/freertos/FreeRTOS-Kernel/portable/ThirdParty/Partner-Supported-Ports'...
Submodule path 'portable/ThirdParty/Community-Supported-Ports': checked out '9c5bad7b2f42b4e8420f12290b9bc085d3309e8b'
Submodule path 'portable/ThirdParty/Partner-Supported-Ports': checked out 'dc3afc6e837426b4bda81bbb6cf45bfb6f34c7e9'

devel@pi5-80:~/rp2350-freeRTOS/freertos/FreeRTOS-Kernel $ cd ../../build/
devel@pi5-80:~/rp2350-freeRTOS/build $ cmake .. -DPICO_BOARD=pico2 -DPICO_PLATFORM=rp2350
Using PICO_SDK_PATH from environment ('/home/devel/pico2/pico-sdk')
PICO_SDK_PATH is /home/devel/pico2/pico-sdk
Target board (PICO_BOARD) is 'pico2'.
Using board configuration from /home/devel/pico2/pico-sdk/src/boards/include/boards/pico2.h
Pico Platform (PICO_PLATFORM) is 'rp2350-arm-s'.
-- Defaulting build type to 'Release' since not specified.
Defaulting compiler (PICO_COMPILER) to 'pico_arm_cortex_m33_gcc' since not specified.
Configuring toolchain based on PICO_COMPILER 'pico_arm_cortex_m33_gcc'
Defaulting PICO_GCC_TRIPLE to 'arm-none-eabi'
-- The C compiler identification is GNU 12.2.1
-- The CXX compiler identification is GNU 12.2.1
-- Detecting C compiler ABI info
-- Detecting C compiler ABI info - done
-- Check for working C compiler: /usr/bin/arm-none-eabi-gcc - skipped
-- Detecting C compile features
-- Detecting C compile features - done
-- Detecting CXX compiler ABI info
-- Detecting CXX compiler ABI info - done
-- Check for working CXX compiler: /usr/bin/arm-none-eabi-g++ - skipped
-- Detecting CXX compile features
-- Detecting CXX compile features - done
-- The ASM compiler identification is GNU
-- Found assembler: /usr/bin/arm-none-eabi-gcc
Build type is Release
CMake Warning at /home/devel/pico2/pico-sdk/tools/Findpicotool.cmake:28 (message):
  No installed picotool with version 2.0.0 found - building from source

  It is recommended to build and install picotool separately, or to set
  PICOTOOL_FETCH_FROM_GIT_PATH to a common directory for all your SDK
  projects
Call Stack (most recent call first):
  /home/devel/pico2/pico-sdk/tools/CMakeLists.txt:138 (find_package)
  /home/devel/pico2/pico-sdk/src/cmake/on_device.cmake:33 (pico_init_picotool)
  /home/devel/pico2/pico-sdk/src/rp2350/boot_stage2/CMakeLists.txt:57 (pico_add_dis_output)
  /home/devel/pico2/pico-sdk/src/rp2350/boot_stage2/CMakeLists.txt:100 (pico_define_boot_stage2)


Downloading Picotool
-- Found Python3: /usr/bin/python3 (found version "3.11.2") found components: Interpreter 
TinyUSB available at /home/devel/pico2/pico-sdk/lib/tinyusb/src/portable/raspberrypi/rp2040; enabling build support for USB.
BTstack available at /home/devel/pico2/pico-sdk/lib/btstack
cyw43-driver available at /home/devel/pico2/pico-sdk/lib/cyw43-driver
lwIP available at /home/devel/pico2/pico-sdk/lib/lwip
mbedtls available at /home/devel/pico2/pico-sdk/lib/mbedtls
-- Configuring done
-- Generating done
-- Build files have been written to: /home/devel/rp2350-freeRTOS/build
make

[ 97%] Building C object rp2350-logic-analyzer/CMakeFiles/rp2350-logic-analyzer.dir/home/devel/pico2/pico-sdk/lib/tinyusb/src/tusb.c.obj
[ 98%] Building C object rp2350-logic-analyzer/CMakeFiles/rp2350-logic-analyzer.dir/home/devel/pico2/pico-sdk/lib/tinyusb/src/common/tusb_fifo.c.obj
[ 98%] Building C object rp2350-logic-analyzer/CMakeFiles/rp2350-logic-analyzer.dir/home/devel/pico2/pico-sdk/src/rp2_common/pico_fix/rp2040_usb_device_enumeration/rp2040_usb_device_enumeration.c.obj
[ 98%] Building C object rp2350-logic-analyzer/CMakeFiles/rp2350-logic-analyzer.dir/home/devel/pico2/pico-sdk/src/rp2_common/hardware_pio/pio.c.obj
[ 98%] Building C object rp2350-logic-analyzer/CMakeFiles/rp2350-logic-analyzer.dir/home/devel/pico2/pico-sdk/src/rp2_common/hardware_dma/dma.c.obj
[100%] Linking CXX executable rp2350-logic-analyzer.elf
[100%] Built target rp2350-logic-analyzer
